// Vitest Snapshot v1, https://vitest.dev/guide/snapshot.html

exports[`Grid component > should match snapshot 1`] = `"<div data-v-bc14fce6="" class="grid"><input data-v-bc14fce6="" type="text" class="cell" data-cy="cell" readonly="" value="X"><input data-v-bc14fce6="" type="text" class="cell" data-cy="cell" readonly="" value=""><input data-v-bc14fce6="" type="text" class="cell" data-cy="cell" readonly="" value=""><input data-v-bc14fce6="" type="text" class="cell" data-cy="cell" readonly="" value="O"></div>"`;
